kotlin version: 2.1.21
error message: org.jetbrains.kotlin.util.FileAnalysisException: While analysing /home/codenia/Documents/Production Element Code/OZ-Chat_Prod/20251125_OZ-Chat_Android_App/OZ-Chat_Android_Dev/vector/src/main/java/im/vector/app/features/autocomplete/RecyclerViewPresenter.kt:17:1: org.jetbrains.kotlin.utils.exceptions.KotlinIllegalArgumentExceptionWithAttachments: Exception in declaration checkers
	at org.jetbrains.kotlin.util.AnalysisExceptionsKt.wrapIntoFileAnalysisExceptionIfNeeded(AnalysisExceptions.kt:57)
	at org.jetbrains.kotlin.fir.FirCliExceptionHandler.handleExceptionOnFileAnalysis(Utils.kt:251)
	at org.jetbrains.kotlin.fir.pipeline.AnalyseKt.runCheckers(analyse.kt:68)
	at org.jetbrains.kotlin.fir.pipeline.ConvertToIrKt.runPlatformCheckers(convertToIr.kt:72)
	at org.jetbrains.kotlin.kapt4.KaptFrontendRunnerKt.compileSourceFilesToAnalyzedFirViaPsi(KaptFrontendRunner.kt:100)
	at org.jetbrains.kotlin.kapt4.KaptFrontendRunnerKt.runFrontendForKapt(KaptFrontendRunner.kt:45)
	at org.jetbrains.kotlin.kapt4.FirKaptAnalysisHandlerExtension.contextForStubGeneration(FirKaptAnalysisHandlerExtension.kt:221)
	at org.jetbrains.kotlin.kapt4.FirKaptAnalysisHandlerExtension.doAnalysis(FirKaptAnalysisHandlerExtension.kt:126)
	at org.jetbrains.kotlin.fir.extensions.FirAnalysisHandlerExtension$Companion.analyze(FirAnalysisHandlerExtension.kt:29)
	at org.jetbrains.kotlin.cli.pipeline.jvm.JvmFrontendPipelinePhase.executePhase(JvmFrontendPipelinePhase.kt:76)
	at org.jetbrains.kotlin.cli.pipeline.jvm.JvmFrontendPipelinePhase.executePhase(JvmFrontendPipelinePhase.kt:56)
	at org.jetbrains.kotlin.cli.pipeline.PipelinePhase.phaseBody(PipelinePhase.kt:68)
	at org.jetbrains.kotlin.cli.pipeline.PipelinePhase.phaseBody(PipelinePhase.kt:58)
	at org.jetbrains.kotlin.config.phaser.SimpleNamedCompilerPhase.phaseBody(CompilerPhase.kt:215)
	at org.jetbrains.kotlin.config.phaser.NamedCompilerPhase.invoke(CompilerPhase.kt:111)
	at org.jetbrains.kotlin.backend.common.phaser.CompositePhase.invoke(PhaseBuilders.kt:28)
	at org.jetbrains.kotlin.config.phaser.CompilerPhaseKt.invokeToplevel(CompilerPhase.kt:62)
	at org.jetbrains.kotlin.cli.pipeline.AbstractCliPipeline.runPhasedPipeline(AbstractCliPipeline.kt:106)
	at org.jetbrains.kotlin.cli.pipeline.AbstractCliPipeline.execute(AbstractCliPipeline.kt:65)
	at org.jetbrains.kotlin.cli.jvm.K2JVMCompiler.doExecutePhased(K2JVMCompiler.kt:61)
	at org.jetbrains.kotlin.cli.jvm.K2JVMCompiler.doExecutePhased(K2JVMCompiler.kt:36)
	at org.jetbrains.kotlin.cli.common.CLICompiler.execImpl(CLICompiler.kt:80)
	at org.jetbrains.kotlin.cli.common.CLICompiler.exec(CLICompiler.kt:337)
	at org.jetbrains.kotlin.incremental.IncrementalJvmCompilerRunner.runCompiler(IncrementalJvmCompilerRunner.kt:466)
	at org.jetbrains.kotlin.incremental.IncrementalJvmCompilerRunner.runCompiler(IncrementalJvmCompilerRunner.kt:75)
	at org.jetbrains.kotlin.incremental.IncrementalCompilerRunner.doCompile(IncrementalCompilerRunner.kt:514)
	at org.jetbrains.kotlin.incremental.IncrementalCompilerRunner.compileImpl(IncrementalCompilerRunner.kt:431)
	at org.jetbrains.kotlin.incremental.IncrementalCompilerRunner.compileNonIncrementally(IncrementalCompilerRunner.kt:310)
	at org.jetbrains.kotlin.incremental.IncrementalCompilerRunner.compile(IncrementalCompilerRunner.kt:137)
	at org.jetbrains.kotlin.daemon.CompileServiceImplBase.execIncrementalCompiler(CompileServiceImpl.kt:678)
	at org.jetbrains.kotlin.daemon.CompileServiceImplBase.access$execIncrementalCompiler(CompileServiceImpl.kt:92)
	at org.jetbrains.kotlin.daemon.CompileServiceImpl.compile(CompileServiceImpl.kt:1805)
	at java.base/jdk.internal.reflect.DirectMethodHandleAccessor.invoke(DirectMethodHandleAccessor.java:103)
	at java.base/java.lang.reflect.Method.invoke(Method.java:580)
	at java.rmi/sun.rmi.server.UnicastServerRef.dispatch(UnicastServerRef.java:360)
	at java.rmi/sun.rmi.transport.Transport$1.run(Transport.java:200)
	at java.rmi/sun.rmi.transport.Transport$1.run(Transport.java:197)
	at java.base/java.security.AccessController.doPrivileged(AccessController.java:714)
	at java.rmi/sun.rmi.transport.Transport.serviceCall(Transport.java:196)
	at java.rmi/sun.rmi.transport.tcp.TCPTransport.handleMessages(TCPTransport.java:598)
	at java.rmi/sun.rmi.transport.tcp.TCPTransport$ConnectionHandler.run0(TCPTransport.java:844)
	at java.rmi/sun.rmi.transport.tcp.TCPTransport$ConnectionHandler.lambda$run$0(TCPTransport.java:721)
	at java.base/java.security.AccessController.doPrivileged(AccessController.java:400)
	at java.rmi/sun.rmi.transport.tcp.TCPTransport$ConnectionHandler.run(TCPTransport.java:720)
	at java.base/java.util.concurrent.ThreadPoolExecutor.runWorker(ThreadPoolExecutor.java:1144)
	at java.base/java.util.concurrent.ThreadPoolExecutor$Worker.run(ThreadPoolExecutor.java:642)
	at java.base/java.lang.Thread.run(Thread.java:1583)
Caused by: org.jetbrains.kotlin.utils.exceptions.KotlinIllegalArgumentExceptionWithAttachments: Exception in declaration checkers
	at org.jetbrains.kotlin.fir.analysis.checkers.declaration.DeclarationCheckersDiagnosticComponent.visitRegularClass(DeclarationCheckersDiagnosticComponent.kt:265)
	at org.jetbrains.kotlin.fir.analysis.checkers.declaration.DeclarationCheckersDiagnosticComponent.visitRegularClass(DeclarationCheckersDiagnosticComponent.kt:25)
	at org.jetbrains.kotlin.fir.declarations.FirRegularClass.accept(FirRegularClass.kt:48)
	at org.jetbrains.kotlin.fir.analysis.collectors.CheckerRunningDiagnosticCollectorVisitor.checkElement(CheckerRunningDiagnosticCollectorVisitor.kt:24)
	at org.jetbrains.kotlin.fir.analysis.collectors.AbstractDiagnosticCollectorVisitor.access$checkElement(AbstractDiagnosticCollectorVisitor.kt:29)
	at org.jetbrains.kotlin.fir.analysis.collectors.AbstractDiagnosticCollectorVisitor.visitRegularClass(AbstractDiagnosticCollectorVisitor.kt:594)
	at org.jetbrains.kotlin.fir.analysis.collectors.AbstractDiagnosticCollectorVisitor.visitRegularClass(AbstractDiagnosticCollectorVisitor.kt:29)
	at org.jetbrains.kotlin.fir.declarations.FirRegularClass.accept(FirRegularClass.kt:48)
	at org.jetbrains.kotlin.fir.declarations.impl.FirFileImpl.acceptChildren(FirFileImpl.kt:57)
	at org.jetbrains.kotlin.fir.analysis.collectors.AbstractDiagnosticCollectorVisitor.visitNestedElements(AbstractDiagnosticCollectorVisitor.kt:37)
	at org.jetbrains.kotlin.fir.analysis.collectors.AbstractDiagnosticCollectorVisitor.visitFile(AbstractDiagnosticCollectorVisitor.kt:1213)
	at org.jetbrains.kotlin.fir.analysis.collectors.AbstractDiagnosticCollectorVisitor.visitFile(AbstractDiagnosticCollectorVisitor.kt:29)
	at org.jetbrains.kotlin.fir.declarations.FirFile.accept(FirFile.kt:42)
	at org.jetbrains.kotlin.fir.analysis.collectors.AbstractDiagnosticCollector.collectDiagnostics(AbstractDiagnosticCollector.kt:36)
	at org.jetbrains.kotlin.fir.pipeline.AnalyseKt.runCheckers(analyse.kt:37)
	... 44 more
Caused by: java.lang.IllegalStateException: Could not read class: VirtualFile: /home/codenia/Documents/Production Element Code/OZ-Chat_Prod/20251125_OZ-Chat_Android_App/OZ-Chat_Android_Dev/library/external/autocomplete/build/intermediates/compile_library_classes_jar/debug/bundleLibCompileToJarDebug/classes.jar!/com/otaliastudios/autocomplete/AutocompletePresenter$PopupDimensions.class
	at org.jetbrains.kotlin.load.java.structure.impl.classFiles.BinaryJavaClass.<init>(BinaryJavaClass.kt:115)
	at org.jetbrains.kotlin.load.java.structure.impl.classFiles.BinaryJavaClass.findInnerClass(BinaryJavaClass.kt:246)
	at org.jetbrains.kotlin.cli.jvm.compiler.KotlinCliJavaFileManagerImpl.findClass(KotlinCliJavaFileManagerImpl.kt:135)
	at org.jetbrains.kotlin.cli.jvm.compiler.KotlinCliJavaFileManagerImpl.findClass(KotlinCliJavaFileManagerImpl.kt:116)
	at org.jetbrains.kotlin.cli.jvm.compiler.KotlinCliJavaFileManagerImpl.findClass$lambda$8$lambda$7(KotlinCliJavaFileManagerImpl.kt:144)
	at org.jetbrains.kotlin.load.java.structure.impl.classFiles.ClassifierResolutionContext.resolveClass(ClassifierResolutionContext.kt:58)
	at org.jetbrains.kotlin.load.java.structure.impl.classFiles.ClassifierResolutionContext.resolveByInternalName$resolution_common_jvm(ClassifierResolutionContext.kt:99)
	at org.jetbrains.kotlin.load.java.structure.impl.classFiles.BinaryClassSignatureParser.parseParameterizedClassRefSignature$lambda$1(BinaryClassSignatureParser.kt:145)
	at kotlin.UnsafeLazyImpl.getValue(Lazy.kt:98)
	at org.jetbrains.kotlin.load.java.structure.impl.classFiles.PlainJavaClassifierType.getClassifierResolverResult(Types.kt:39)
	at org.jetbrains.kotlin.load.java.structure.impl.classFiles.PlainJavaClassifierType.getClassifier(Types.kt:41)
	at org.jetbrains.kotlin.fir.java.JavaTypeConversionKt.toConeKotlinTypeForFlexibleBound(JavaTypeConversion.kt:192)
	at org.jetbrains.kotlin.fir.java.JavaTypeConversionKt.toConeKotlinTypeForFlexibleBound$default(JavaTypeConversion.kt:184)
	at org.jetbrains.kotlin.fir.java.JavaTypeConversionKt.toConeTypeProjection(JavaTypeConversion.kt:117)
	at org.jetbrains.kotlin.fir.java.JavaTypeConversionKt.toConeKotlinType(JavaTypeConversion.kt:90)
	at org.jetbrains.kotlin.fir.java.JavaTypeConversionKt.toConeKotlinType$default(JavaTypeConversion.kt:85)
	at org.jetbrains.kotlin.fir.java.JavaTypeConversionKt.toFirResolvedTypeRef(JavaTypeConversion.kt:78)
	at org.jetbrains.kotlin.fir.java.JavaTypeConversionKt.resolveIfJavaType(JavaTypeConversion.kt:54)
	at org.jetbrains.kotlin.fir.java.JavaTypeConversionKt.toConeKotlinTypeProbablyFlexible(JavaTypeConversion.kt:63)
	at org.jetbrains.kotlin.fir.java.JavaTypeConversionKt.toConeKotlinTypeProbablyFlexible$default(JavaTypeConversion.kt:58)
	at org.jetbrains.kotlin.fir.java.enhancement.FirSignatureEnhancement.enhanceMethod$lambda$9(SignatureEnhancement.kt:297)
	at org.jetbrains.kotlin.fir.scopes.jvm.SignatureUtilsKt.computeJvmDescriptor(SignatureUtils.kt:76)
	at org.jetbrains.kotlin.fir.scopes.jvm.SignatureUtilsKt.computeJvmDescriptor$default(SignatureUtils.kt:33)
	at org.jetbrains.kotlin.fir.java.enhancement.FirSignatureEnhancement.enhanceMethod(SignatureEnhancement.kt:297)
	at org.jetbrains.kotlin.fir.java.enhancement.FirSignatureEnhancement.enhance$java(SignatureEnhancement.kt:255)
	at org.jetbrains.kotlin.fir.java.enhancement.FirEnhancedSymbolsStorage$EnhancementSymbolsCache.enhancedFunctions$lambda$5(SignatureEnhancement.kt:1082)
	at org.jetbrains.kotlin.fir.caches.FirThreadUnsafeCache.getValue(FirThreadUnsafeCachesFactory.kt:57)
	at org.jetbrains.kotlin.fir.java.enhancement.FirSignatureEnhancement.enhancedFunctionImpl(SignatureEnhancement.kt:129)
	at org.jetbrains.kotlin.fir.java.enhancement.FirSignatureEnhancement.enhancedFunction(SignatureEnhancement.kt:117)
	at org.jetbrains.kotlin.fir.java.enhancement.FirSignatureEnhancement.enhancedFunction$default(SignatureEnhancement.kt:112)
	at org.jetbrains.kotlin.fir.java.scopes.JavaClassMembersEnhancementScope.processFunctionsByName$lambda$2(JavaClassMembersEnhancementScope.kt:46)
	at org.jetbrains.kotlin.fir.scopes.impl.AbstractFirUseSiteMemberScope.processFunctionsByName(AbstractFirUseSiteMemberScope.kt:66)
	at org.jetbrains.kotlin.fir.java.scopes.JavaClassMembersEnhancementScope.processFunctionsByName(JavaClassMembersEnhancementScope.kt:45)
	at org.jetbrains.kotlin.fir.scopes.impl.FirClassSubstitutionScope.processFunctionsByName(FirClassSubstitutionScope.kt:51)
	at org.jetbrains.kotlin.fir.scopes.impl.AbstractFirUseSiteMemberScope.getFunctionsFromSupertypesByName(AbstractFirUseSiteMemberScope.kt:149)
	at org.jetbrains.kotlin.fir.scopes.impl.AbstractFirUseSiteMemberScope.collectFunctionsFromSupertypes(AbstractFirUseSiteMemberScope.kt:99)
	at org.jetbrains.kotlin.fir.scopes.impl.AbstractFirUseSiteMemberScope.collectFunctions(AbstractFirUseSiteMemberScope.kt:75)
	at org.jetbrains.kotlin.fir.scopes.impl.AbstractFirUseSiteMemberScope.processFunctionsByName(AbstractFirUseSiteMemberScope.kt:64)
	at org.jetbrains.kotlin.fir.scopes.FirContainingNamesAwareScopeKt.processAllFunctions(FirContainingNamesAwareScope.kt:24)
	at org.jetbrains.kotlin.fir.analysis.checkers.declaration.FirMultipleDefaultsInheritedFromSupertypesChecker.check(FirMultipleDefaultsInheritedFromSupertypesChecker.kt:47)
	at org.jetbrains.kotlin.fir.analysis.checkers.declaration.FirMultipleDefaultsInheritedFromSupertypesChecker$Regular.check(FirMultipleDefaultsInheritedFromSupertypesChecker.kt:33)
	at org.jetbrains.kotlin.fir.analysis.checkers.declaration.FirMultipleDefaultsInheritedFromSupertypesChecker$Regular.check(FirMultipleDefaultsInheritedFromSupertypesChecker.kt:30)
	at org.jetbrains.kotlin.fir.analysis.checkers.declaration.DeclarationCheckersDiagnosticComponent.visitRegularClass(DeclarationCheckersDiagnosticComponent.kt:253)
	... 58 more
Caused by: java.lang.RuntimeException: java.io.FileNotFoundException: /home/codenia/Documents/Production Element Code/OZ-Chat_Prod/20251125_OZ-Chat_Android_App/OZ-Chat_Android_Dev/library/external/autocomplete/build/intermediates/compile_library_classes_jar/debug/bundleLibCompileToJarDebug/classes.jar (No such file or directory)
	at org.jetbrains.kotlin.com.intellij.util.io.FileAccessorCache.createHandle(FileAccessorCache.java:56)
	at org.jetbrains.kotlin.com.intellij.util.io.FileAccessorCache.get(FileAccessorCache.java:39)
	at org.jetbrains.kotlin.cli.jvm.compiler.jarfs.FastJarHandler.contentsToByteArray(FastJarHandler.kt:112)
	at org.jetbrains.kotlin.cli.jvm.compiler.jarfs.FastJarVirtualFile.contentsToByteArray(FastJarVirtualFile.kt:89)
	at org.jetbrains.kotlin.load.java.structure.impl.classFiles.BinaryJavaClass.<init>(BinaryJavaClass.kt:109)
	... 100 more
Caused by: java.io.FileNotFoundException: /home/codenia/Documents/Production Element Code/OZ-Chat_Prod/20251125_OZ-Chat_Android_App/OZ-Chat_Android_Dev/library/external/autocomplete/build/intermediates/compile_library_classes_jar/debug/bundleLibCompileToJarDebug/classes.jar (No such file or directory)
	at java.base/java.io.RandomAccessFile.open0(Native Method)
	at java.base/java.io.RandomAccessFile.open(RandomAccessFile.java:356)
	at java.base/java.io.RandomAccessFile.<init>(RandomAccessFile.java:273)
	at java.base/java.io.RandomAccessFile.<init>(RandomAccessFile.java:223)
	at org.jetbrains.kotlin.cli.jvm.compiler.jarfs.FastJarFileSystem$cachedOpenFileHandles$1.createAccessor(FastJarFileSystem.kt:31)
	at org.jetbrains.kotlin.cli.jvm.compiler.jarfs.FastJarFileSystem$cachedOpenFileHandles$1.createAccessor(FastJarFileSystem.kt:28)
	at org.jetbrains.kotlin.com.intellij.util.io.FileAccessorCache.createHandle(FileAccessorCache.java:45)
	... 104 more


