kotlin version: 2.1.21
error message: java.lang.OutOfMemoryError: GC overhead limit exceeded
	at java.base/java.util.LinkedHashMap.newNode(Unknown Source)
	at java.base/java.util.HashMap.putVal(Unknown Source)
	at java.base/java.util.HashMap.put(Unknown Source)
	at java.base/java.util.HashSet.add(Unknown Source)
	at org.jetbrains.kotlin.backend.common.actualizer.SpecialFakeOverrideSymbolsResolver$collectOverrides$1.invokeSuspend(SpecialFakeOverrideSymbolsResolver.kt:127)
	at kotlin.coroutines.jvm.internal.BaseContinuationImpl.resumeWith(ContinuationImpl.kt:33)
	at kotlin.sequences.SequenceBuilderIterator.hasNext(SequenceBuilder.kt:129)
	at org.jetbrains.kotlin.backend.common.actualizer.SpecialFakeOverrideSymbolsResolver.processDeclaration(SpecialFakeOverrideSymbolsResolver.kt:121)
	at org.jetbrains.kotlin.backend.common.actualizer.SpecialFakeOverrideSymbolsResolver.processClass(SpecialFakeOverrideSymbolsResolver.kt:112)
	at org.jetbrains.kotlin.backend.common.actualizer.SpecialFakeOverrideSymbolsResolver.access$processClass(SpecialFakeOverrideSymbolsResolver.kt:41)
	at org.jetbrains.kotlin.backend.common.actualizer.SpecialFakeOverrideSymbolsResolver.getReferencedSimpleFunction(SpecialFakeOverrideSymbolsResolver.kt:292)
	at org.jetbrains.kotlin.backend.common.actualizer.SpecialFakeOverrideSymbolsResolverVisitor.visitCall(SpecialFakeOverrideSymbolsResolver.kt:177)
	at org.jetbrains.kotlin.ir.visitors.IrElementVisitorVoid$DefaultImpls.visitCall(IrElementVisitorVoid.kt:375)
	at org.jetbrains.kotlin.backend.common.actualizer.SpecialFakeOverrideSymbolsResolverVisitor.visitCall(SpecialFakeOverrideSymbolsResolver.kt:155)
	at org.jetbrains.kotlin.backend.common.actualizer.SpecialFakeOverrideSymbolsResolverVisitor.visitCall(SpecialFakeOverrideSymbolsResolver.kt:155)
	at org.jetbrains.kotlin.ir.expressions.IrCall.accept(IrCall.kt:24)
	at org.jetbrains.kotlin.ir.expressions.IrBlockBody.acceptChildren(IrBlockBody.kt:23)
	at org.jetbrains.kotlin.ir.visitors.IrVisitorsKt.acceptChildrenVoid(IrVisitors.kt:19)
	at org.jetbrains.kotlin.backend.common.actualizer.SpecialFakeOverrideSymbolsResolverVisitor.visitElement(SpecialFakeOverrideSymbolsResolver.kt:163)
	at org.jetbrains.kotlin.ir.visitors.IrElementVisitorVoid$DefaultImpls.visitBody(IrElementVisitorVoid.kt:219)
	at org.jetbrains.kotlin.backend.common.actualizer.SpecialFakeOverrideSymbolsResolverVisitor.visitBody(SpecialFakeOverrideSymbolsResolver.kt:155)
	at org.jetbrains.kotlin.ir.visitors.IrElementVisitorVoid$DefaultImpls.visitBlockBody(IrElementVisitorVoid.kt:235)
	at org.jetbrains.kotlin.backend.common.actualizer.SpecialFakeOverrideSymbolsResolverVisitor.visitBlockBody(SpecialFakeOverrideSymbolsResolver.kt:155)
	at org.jetbrains.kotlin.ir.visitors.IrElementVisitorVoid$DefaultImpls.visitBlockBody(IrElementVisitorVoid.kt:231)
	at org.jetbrains.kotlin.backend.common.actualizer.SpecialFakeOverrideSymbolsResolverVisitor.visitBlockBody(SpecialFakeOverrideSymbolsResolver.kt:155)
	at org.jetbrains.kotlin.backend.common.actualizer.SpecialFakeOverrideSymbolsResolverVisitor.visitBlockBody(SpecialFakeOverrideSymbolsResolver.kt:155)
	at org.jetbrains.kotlin.ir.expressions.IrBlockBody.accept(IrBlockBody.kt:20)
	at org.jetbrains.kotlin.ir.declarations.IrFunction.acceptChildren(IrFunction.kt:282)
	at org.jetbrains.kotlin.ir.visitors.IrVisitorsKt.acceptChildrenVoid(IrVisitors.kt:19)
	at org.jetbrains.kotlin.backend.common.actualizer.SpecialFakeOverrideSymbolsResolverVisitor.visitElement(SpecialFakeOverrideSymbolsResolver.kt:163)
	at org.jetbrains.kotlin.backend.common.actualizer.SpecialFakeOverrideSymbolsResolverVisitor.visitSimpleFunction(SpecialFakeOverrideSymbolsResolver.kt:168)
	at org.jetbrains.kotlin.ir.visitors.IrElementVisitorVoid$DefaultImpls.visitSimpleFunction(IrElementVisitorVoid.kt:159)


