kotlin version: 2.1.21
error message: org.jetbrains.kotlin.backend.common.BackendException: Backend Internal error: Exception during IR lowering
File being compiled: /home/codenia/Documents/Production Element Code/OZ-Chat_Prod/20251125_OZ-Chat_Android_App/OZ-Chat_Android_Dev/vector/src/main/java/im/vector/app/features/crypto/recover/BootstrapActions.kt
The root cause org.jetbrains.kotlin.backend.common.CompilationException was thrown at: java.base/java.util.ArrayList.iterator(ArrayList.java:1029)
	at org.jetbrains.kotlin.backend.common.CodegenUtil.reportBackendException(CodegenUtil.kt:107)
	at org.jetbrains.kotlin.backend.common.CodegenUtil.reportBackendException$default(CodegenUtil.kt:90)
	at org.jetbrains.kotlin.backend.common.phaser.PerformByIrFilePhase.invokeSequential(performByIrFile.kt:54)
	at org.jetbrains.kotlin.backend.common.phaser.PerformByIrFilePhase.invoke(performByIrFile.kt:41)
	at org.jetbrains.kotlin.backend.common.phaser.PerformByIrFilePhase.invoke(performByIrFile.kt:27)
	at org.jetbrains.kotlin.config.phaser.SameTypeNamedCompilerPhase.phaseBody(CompilerPhase.kt:160)
	at org.jetbrains.kotlin.config.phaser.NamedCompilerPhase.invoke(CompilerPhase.kt:111)
	at org.jetbrains.kotlin.backend.common.phaser.CompositePhase.invoke(PhaseBuilders.kt:28)
	at org.jetbrains.kotlin.config.phaser.SameTypeNamedCompilerPhase.phaseBody(CompilerPhase.kt:160)
	at org.jetbrains.kotlin.config.phaser.NamedCompilerPhase.invoke(CompilerPhase.kt:111)
	at org.jetbrains.kotlin.config.phaser.CompilerPhaseKt.invokeToplevel(CompilerPhase.kt:62)
	at org.jetbrains.kotlin.backend.jvm.JvmIrCodegenFactory.invokeLowerings(JvmIrCodegenFactory.kt:350)
	at org.jetbrains.kotlin.cli.jvm.compiler.KotlinToJVMBytecodeCompiler.runLowerings$cli(KotlinToJVMBytecodeCompiler.kt:396)
	at org.jetbrains.kotlin.cli.pipeline.jvm.JvmBackendPipelinePhase.executePhase(JvmBackendPipelinePhase.kt:88)
	at org.jetbrains.kotlin.cli.pipeline.jvm.JvmBackendPipelinePhase.executePhase(JvmBackendPipelinePhase.kt:30)
	at org.jetbrains.kotlin.cli.pipeline.PipelinePhase.phaseBody(PipelinePhase.kt:68)
	at org.jetbrains.kotlin.cli.pipeline.PipelinePhase.phaseBody(PipelinePhase.kt:58)
	at org.jetbrains.kotlin.config.phaser.SimpleNamedCompilerPhase.phaseBody(CompilerPhase.kt:215)
	at org.jetbrains.kotlin.config.phaser.NamedCompilerPhase.invoke(CompilerPhase.kt:111)
	at org.jetbrains.kotlin.backend.common.phaser.CompositePhase.invoke(PhaseBuilders.kt:28)
	at org.jetbrains.kotlin.config.phaser.CompilerPhaseKt.invokeToplevel(CompilerPhase.kt:62)
	at org.jetbrains.kotlin.cli.pipeline.AbstractCliPipeline.runPhasedPipeline(AbstractCliPipeline.kt:106)
	at org.jetbrains.kotlin.cli.pipeline.AbstractCliPipeline.execute(AbstractCliPipeline.kt:65)
	at org.jetbrains.kotlin.cli.jvm.K2JVMCompiler.doExecutePhased(K2JVMCompiler.kt:61)
	at org.jetbrains.kotlin.cli.jvm.K2JVMCompiler.doExecutePhased(K2JVMCompiler.kt:36)
	at org.jetbrains.kotlin.cli.common.CLICompiler.execImpl(CLICompiler.kt:80)
	at org.jetbrains.kotlin.cli.common.CLICompiler.exec(CLICompiler.kt:337)
	at org.jetbrains.kotlin.incremental.IncrementalJvmCompilerRunner.runCompiler(IncrementalJvmCompilerRunner.kt:466)
	at org.jetbrains.kotlin.incremental.IncrementalJvmCompilerRunner.runCompiler(IncrementalJvmCompilerRunner.kt:75)
	at org.jetbrains.kotlin.incremental.IncrementalCompilerRunner.doCompile(IncrementalCompilerRunner.kt:514)
	at org.jetbrains.kotlin.incremental.IncrementalCompilerRunner.compileImpl(IncrementalCompilerRunner.kt:431)
	at org.jetbrains.kotlin.incremental.IncrementalCompilerRunner.compileNonIncrementally(IncrementalCompilerRunner.kt:310)
	at org.jetbrains.kotlin.incremental.IncrementalCompilerRunner.compile(IncrementalCompilerRunner.kt:137)
	at org.jetbrains.kotlin.daemon.CompileServiceImplBase.execIncrementalCompiler(CompileServiceImpl.kt:678)
	at org.jetbrains.kotlin.daemon.CompileServiceImplBase.access$execIncrementalCompiler(CompileServiceImpl.kt:92)
	at org.jetbrains.kotlin.daemon.CompileServiceImpl.compile(CompileServiceImpl.kt:1805)
	at java.base/jdk.internal.reflect.DirectMethodHandleAccessor.invoke(DirectMethodHandleAccessor.java:103)
	at java.base/java.lang.reflect.Method.invoke(Method.java:580)
	at java.rmi/sun.rmi.server.UnicastServerRef.dispatch(UnicastServerRef.java:360)
	at java.rmi/sun.rmi.transport.Transport$1.run(Transport.java:200)
	at java.rmi/sun.rmi.transport.Transport$1.run(Transport.java:197)
	at java.base/java.security.AccessController.doPrivileged(AccessController.java:714)
	at java.rmi/sun.rmi.transport.Transport.serviceCall(Transport.java:196)
	at java.rmi/sun.rmi.transport.tcp.TCPTransport.handleMessages(TCPTransport.java:598)
	at java.rmi/sun.rmi.transport.tcp.TCPTransport$ConnectionHandler.run0(TCPTransport.java:844)
	at java.rmi/sun.rmi.transport.tcp.TCPTransport$ConnectionHandler.lambda$run$0(TCPTransport.java:721)
	at java.base/java.security.AccessController.doPrivileged(AccessController.java:400)
	at java.rmi/sun.rmi.transport.tcp.TCPTransport$ConnectionHandler.run(TCPTransport.java:720)
	at java.base/java.util.concurrent.ThreadPoolExecutor.runWorker(ThreadPoolExecutor.java:1144)
	at java.base/java.util.concurrent.ThreadPoolExecutor$Worker.run(ThreadPoolExecutor.java:642)
	at java.base/java.lang.Thread.run(Thread.java:1583)
Caused by: org.jetbrains.kotlin.backend.common.CompilationException: Back-end: Please report this problem https://kotl.in/issue
/home/codenia/Documents/Production Element Code/OZ-Chat_Prod/20251125_OZ-Chat_Android_App/OZ-Chat_Android_Dev/vector/src/main/java/im/vector/app/features/crypto/recover/BootstrapActions.kt:13:1
Problem with `@StabilityInferred(parameters = 1)
sealed class BootstrapActions : VectorViewModelAction {
  protected constructor() /* primary */ {
    super/*Any*/()
    { // BLOCK
    }
  }

  @StabilityInferred(parameters = 1)
  object Retry : BootstrapActions {
    /* static final field */ val INSTANCE: Retry
    private constructor() /* primary */ {
      super/*BootstrapActions*/()
      { // BLOCK
      }
    }

    /* fake */ override operator fun equals(other: Any?): Boolean

    /* fake */ override fun hashCode(): Int

    /* fake */ override fun toString(): String

    /* static final field */ val $stable: Int
    package /* static */ fun <clinit>() {
      #INSTANCE = Retry()
      #$stable = 0
    }

  }

  @StabilityInferred(parameters = 1)
  object GoBack : BootstrapActions {
    /* static final field */ val INSTANCE: GoBack
    private constructor() /* primary */ {
      super/*BootstrapActions*/()
      { // BLOCK
      }
    }

    /* fake */ override operator fun equals(other: Any?): Boolean

    /* fake */ override fun hashCode(): Int

    /* fake */ override fun toString(): String

    /* static final field */ val $stable: Int
    package /* static */ fun <clinit>() {
      #INSTANCE = GoBack()
      #$stable = 0
    }

  }

  @StabilityInferred(parameters = 1)
  data class GoToConfirmPassphrase : BootstrapActions {
    constructor(passphrase: String) /* primary */ {
      super/*BootstrapActions*/()
      { // BLOCK
        <this>.#passphrase = passphrase
      }
    }

    private /* final field */ field passphrase: String
    fun <get-passphrase>(): String {
      return <this>.#passphrase
    }

    operator fun component1(): String {
      return <this>.#passphrase
    }

    fun copy(passphrase: String = error("") /* ErrorExpression */): GoToConfirmPassphrase {
      return GoToConfirmPassphrase(passphrase = passphrase)
    }

    fun copy$default(/* var */ passphrase: String? = error("") /* ErrorExpression */, $mask0: Int, $handler: Any?): GoToConfirmPassphrase {
      when {
        EQEQ(arg0 = $mask0.and(other = 1), arg1 = 0).not() -> passphrase = <this>.#passphrase
      }
      return <this>.copy(passphrase = passphrase /*as String */)
    }

    override fun toString(): String {
      return "GoToConfirmPassphrase(passphrase=" + <this>.#passphrase + ")"
    }

    override fun hashCode(): Int {
      return <this>.#passphrase.hashCode()
    }

    override operator fun equals(other: Any?): Boolean {
      when {
        EQEQEQ(arg0 = <this>, arg1 = other) -> return true
      }
      when {
        other !is GoToConfirmPassphrase -> return false
      }
      val tmp0_other_with_cast: GoToConfirmPassphrase = other as GoToConfirmPassphrase
      when {
        EQEQ(arg0 = <this>.#passphrase, arg1 = tmp0_other_with_cast.#passphrase).not() -> return false
      }
      return true
    }

    /* static final field */ val $stable: Int
    package /* static */ fun <clinit>() {
      #$stable = 0
    }

  }

  @StabilityInferred(parameters = 1)
  object GoToCompleted : BootstrapActions {
    /* static final field */ val INSTANCE: GoToCompleted
    private constructor() /* primary */ {
      super/*BootstrapActions*/()
      { // BLOCK
      }
    }

    /* fake */ override operator fun equals(other: Any?): Boolean

    /* fake */ override fun hashCode(): Int

    /* fake */ override fun toString(): String

    /* static final field */ val $stable: Int
    package /* static */ fun <clinit>() {
      #INSTANCE = GoToCompleted()
      #$stable = 0
    }

  }

  @StabilityInferred(parameters = 1)
  object GoToEnterAccountPassword : BootstrapActions {
    /* static final field */ val INSTANCE: GoToEnterAccountPassword
    private constructor() /* primary */ {
      super/*BootstrapActions*/()
      { // BLOCK
      }
    }

    /* fake */ override operator fun equals(other: Any?): Boolean

    /* fake */ override fun hashCode(): Int

    /* fake */ override fun toString(): String

    /* static final field */ val $stable: Int
    package /* static */ fun <clinit>() {
      #INSTANCE = GoToEnterAccountPassword()
      #$stable = 0
    }

  }

  @StabilityInferred(parameters = 1)
  data class Start : BootstrapActions {
    constructor(userWantsToEnterPassphrase: Boolean) /* primary */ {
      super/*BootstrapActions*/()
      { // BLOCK
        <this>.#userWantsToEnterPassphrase = userWantsToEnterPassphrase
      }
    }

    private /* final field */ field userWantsToEnterPassphrase: Boolean
    fun <get-userWantsToEnterPassphrase>(): Boolean {
      return <this>.#userWantsToEnterPassphrase
    }

    operator fun component1(): Boolean {
      return <this>.#userWantsToEnterPassphrase
    }

    fun copy(userWantsToEnterPassphrase: Boolean = error("") /* ErrorExpression */): Start {
      return Start(userWantsToEnterPassphrase = userWantsToEnterPassphrase)
    }

    fun copy$default(/* var */ userWantsToEnterPassphrase: Boolean = error("") /* ErrorExpression */, $mask0: Int, $handler: Any?): Start {
      when {
        EQEQ(arg0 = $mask0.and(other = 1), arg1 = 0).not() -> userWantsToEnterPassphrase = <this>.#userWantsToEnterPassphrase
      }
      return <this>.copy(userWantsToEnterPassphrase = userWantsToEnterPassphrase)
    }

    override fun toString(): String {
      return "Start(userWantsToEnterPassphrase=" + <this>.#userWantsToEnterPassphrase + ")"
    }

    override fun hashCode(): Int {
      return <this>.#userWantsToEnterPassphrase.hashCode()
    }

    override operator fun equals(other: Any?): Boolean {
      when {
        EQEQEQ(arg0 = <this>, arg1 = other) -> return true
      }
      when {
        other !is Start -> return false
      }
      val tmp0_other_with_cast: Start = other as Start
      when {
        EQEQ(arg0 = <this>.#userWantsToEnterPassphrase, arg1 = tmp0_other_with_cast.#userWantsToEnterPassphrase).not() -> return false
      }
      return true
    }

    /* static final field */ val $stable: Int
    package /* static */ fun <clinit>() {
      #$stable = 0
    }

  }

  @StabilityInferred(parameters = 1)
  object StartKeyBackupMigration : BootstrapActions {
    /* static final field */ val INSTANCE: StartKeyBackupMigration
    private constructor() /* primary */ {
      super/*BootstrapActions*/()
      { // BLOCK
      }
    }

    /* fake */ override operator fun equals(other: Any?): Boolean

    /* fake */ override fun hashCode(): Int

    /* fake */ override fun toString(): String

    /* static final field */ val $stable: Int
    package /* static */ fun <clinit>() {
      #INSTANCE = StartKeyBackupMigration()
      #$stable = 0
    }

  }

  @StabilityInferred(parameters = 1)
  data class DoInitialize : BootstrapActions {
    constructor(passphrase: String) /* primary */ {
      super/*BootstrapActions*/()
      { // BLOCK
        <this>.#passphrase = passphrase
      }
    }

    private /* final field */ field passphrase: String = passphrase
    fun <get-passphrase>(): String {
      return <this>.#passphrase
    }

    operator fun component1(): String {
      return <this>.#passphrase
    }

    fun copy(passphrase: String = error("") /* ErrorExpression */): DoInitialize {
      return DoInitialize(passphrase = passphrase)
    }

    fun copy$default(/* var */ passphrase: String? = error("") /* ErrorExpression */, $mask0: Int, $handler: Any?): DoInitialize {
      when {
        EQEQ(arg0 = $mask0.and(other = 1), arg1 = 0).not() -> passphrase = <this>.#passphrase
      }
      return <this>.copy(passphrase = passphrase /*as String */)
    }

    override fun toString(): String {
      return "DoInitialize(passphrase=" + <this>.#passphrase + ")"
    }

    override fun hashCode(): Int {
      return <this>.#passphrase.hashCode()
    }

    override operator fun equals(other: Any?): Boolean {
      when {
        EQEQEQ(arg0 = <this>, arg1 = other) -> return true
      }
      when {
        other !is DoInitialize -> return false
      }
      val tmp0_other_with_cast: DoInitialize = other as DoInitialize
      when {
        EQEQ(arg0 = <this>.#passphrase, arg1 = tmp0_other_with_cast.#passphrase).not() -> return false
      }
      return true
    }

    /* static final field */ val $stable: Int = 0
    package /* static */ fun <clinit>() {
      #$stable = 0
    }

  }

  @StabilityInferred(parameters = 1)
  object DoInitializeGeneratedKey : BootstrapActions {
    /* static final field */ val INSTANCE: DoInitializeGeneratedKey = DoInitializeGeneratedKey()
    private constructor() /* primary */ {
      super/*BootstrapActions*/()
      { // BLOCK
      }
    }

    /* fake */ override operator fun equals(other: Any?): Boolean

    /* fake */ override fun hashCode(): Int

    /* fake */ override fun toString(): String

    /* static final field */ val $stable: Int = 0
    package /* static */ fun <clinit>() {
      #INSTANCE = DoInitializeGeneratedKey()
      #$stable = 0
    }

  }

  @StabilityInferred(parameters = 1)
  data class UpdateCandidatePassphrase : BootstrapActions {
    constructor(pass: String) /* primary */ {
      super/*BootstrapActions*/()
      { // BLOCK
        <this>.#pass = pass
      }
    }

    private /* final field */ field pass: String = pass
    fun <get-pass>(): String {
      return <this>.#pass
    }

    operator fun component1(): String {
      return <this>.#pass
    }

    fun copy(pass: String = error("") /* ErrorExpression */): UpdateCandidatePassphrase {
      return UpdateCandidatePassphrase(pass = pass)
    }

    fun copy$default(/* var */ pass: String? = error("") /* ErrorExpression */, $mask0: Int, $handler: Any?): UpdateCandidatePassphrase {
      when {
        EQEQ(arg0 = $mask0.and(other = 1), arg1 = 0).not() -> pass = <this>.#pass
      }
      return <this>.copy(pass = pass /*as String */)
    }

    override fun toString(): String {
      return "UpdateCandidatePassphrase(pass=" + <this>.#pass + ")"
    }

    override fun hashCode(): Int {
      return <this>.#pass.hashCode()
    }

    override operator fun equals(other: Any?): Boolean {
      when {
        EQEQEQ(arg0 = <this>, arg1 = other) -> return true
      }
      when {
        other !is UpdateCandidatePassphrase -> return false
      }
      val tmp0_other_with_cast: UpdateCandidatePassphrase = other as UpdateCandidatePassphrase
      when {
        EQEQ(arg0 = <this>.#pass, arg1 = tmp0_other_with_cast.#pass).not() -> return false
      }
      return true
    }

    /* static final field */ val $stable: Int = 0
    package /* static */ fun <clinit>() {
      #$stable = 0
    }

  }

  @StabilityInferred(parameters = 1)
  data class UpdateConfirmCandidatePassphrase : BootstrapActions {
    constructor(pass: String) /* primary */ {
      super/*BootstrapActions*/()
      { // BLOCK
        <this>.#pass = pass
      }
    }

    private /* final field */ field pass: String = pass
    fun <get-pass>(): String {
      return <this>.#pass
    }

    operator fun component1(): String {
      return <this>.#pass
    }

    fun copy(pass: String = error("") /* ErrorExpression */): UpdateConfirmCandidatePassphrase {
      return UpdateConfirmCandidatePassphrase(pass = pass)
    }

    fun copy$default(/* var */ pass: String? = error("") /* ErrorExpression */, $mask0: Int, $handler: Any?): UpdateConfirmCandidatePassphrase {
      when {
        EQEQ(arg0 = $mask0.and(other = 1), arg1 = 0).not() -> pass = <this>.#pass
      }
      return <this>.copy(pass = pass /*as String */)
    }

    override fun toString(): String {
      return "UpdateConfirmCandidatePassphrase(pass=" + <this>.#pass + ")"
    }

    override fun hashCode(): Int {
      return <this>.#pass.hashCode()
    }

    override operator fun equals(other: Any?): Boolean {
      when {
        EQEQEQ(arg0 = <this>, arg1 = other) -> return true
      }
      when {
        other !is UpdateConfirmCandidatePassphrase -> return false
      }
      val tmp0_other_with_cast: UpdateConfirmCandidatePassphrase = other as UpdateConfirmCandidatePassphrase
      when {
        EQEQ(arg0 = <this>.#pass, arg1 = tmp0_other_with_cast.#pass).not() -> return false
      }
      return true
    }

    /* static final field */ val $stable: Int = 0
    package /* static */ fun <clinit>() {
      #$stable = 0
    }

  }

  @StabilityInferred(parameters = 1)
  object RecoveryKeySaved : BootstrapActions {
    /* static final field */ val INSTANCE: RecoveryKeySaved = RecoveryKeySaved()
    private constructor() /* primary */ {
      super/*BootstrapActions*/()
      { // BLOCK
      }
    }

    /* fake */ override operator fun equals(other: Any?): Boolean

    /* fake */ override fun hashCode(): Int

    /* fake */ override fun toString(): String

    /* static final field */ val $stable: Int = 0
    package /* static */ fun <clinit>() {
      #INSTANCE = RecoveryKeySaved()
      #$stable = 0
    }

  }

  @StabilityInferred(parameters = 1)
  object Completed : BootstrapActions {
    /* static final field */ val INSTANCE: Completed = Completed()
    private constructor() /* primary */ {
      super/*BootstrapActions*/()
      { // BLOCK
      }
    }

    /* fake */ override operator fun equals(other: Any?): Boolean

    /* fake */ override fun hashCode(): Int

    /* fake */ override fun toString(): String

    /* static final field */ val $stable: Int = 0
    package /* static */ fun <clinit>() {
      #INSTANCE = Completed()
      #$stable = 0
    }

  }

  @StabilityInferred(parameters = 1)
  object SaveReqQueryStarted : BootstrapActions {
    /* static final field */ val INSTANCE: SaveReqQueryStarted = SaveReqQueryStarted()
    private constructor() /* primary */ {
      super/*BootstrapActions*/()
      { // BLOCK
      }
    }

    /* fake */ override operator fun equals(other: Any?): Boolean

    /* fake */ override fun hashCode(): Int

    /* fake */ override fun toString(): String

    /* static final field */ val $stable: Int = 0
    package /* static */ fun <clinit>() {
      #INSTANCE = SaveReqQueryStarted()
      #$stable = 0
    }

  }

  @StabilityInferred(parameters = 0)
  data class SaveKeyToUri : BootstrapActions {
    constructor(os: OutputStream) /* primary */ {
      super/*BootstrapActions*/()
      { // BLOCK
        <this>.#os = os
      }
    }

    private /* final field */ field os: OutputStream = os
    fun <get-os>(): OutputStream {
      return <this>.#os
    }

    operator fun component1(): OutputStream {
      return <this>.#os
    }

    fun copy(os: OutputStream = error("") /* ErrorExpression */): SaveKeyToUri {
      return SaveKeyToUri(os = os)
    }

    fun copy$default(/* var */ os: OutputStream? = error("") /* ErrorExpression */, $mask0: Int, $handler: Any?): SaveKeyToUri {
      when {
        EQEQ(arg0 = $mask0.and(other = 1), arg1 = 0).not() -> os = <this>.#os
      }
      return <this>.copy(os = os /*as OutputStream */)
    }

    override fun toString(): String {
      return "SaveKeyToUri(os=" + <this>.#os + ")"
    }

    override fun hashCode(): Int {
      return <this>.#os.hashCode()
    }

    override operator fun equals(other: Any?): Boolean {
      when {
        EQEQEQ(arg0 = <this>, arg1 = other) -> return true
      }
      when {
        other !is SaveKeyToUri -> return false
      }
      val tmp0_other_with_cast: SaveKeyToUri = other as SaveKeyToUri
      when {
        EQEQ(arg0 = <this>.#os, arg1 = tmp0_other_with_cast.#os).not() -> return false
      }
      return true
    }

    /* static final field */ val $stable: Int = 8
    package /* static */ fun <clinit>() {
      #$stable = 8
    }

  }

  @StabilityInferred(parameters = 1)
  object SaveReqFailed : BootstrapActions {
    /* static final field */ val INSTANCE: SaveReqFailed = SaveReqFailed()
    private constructor() /* primary */ {
      super/*BootstrapActions*/()
      { // BLOCK
      }
    }

    /* fake */ override operator fun equals(other: Any?): Boolean

    /* fake */ override fun hashCode(): Int

    /* fake */ override fun toString(): String

    /* static final field */ val $stable: Int = 0
    package /* static */ fun <clinit>() {
      #INSTANCE = SaveReqFailed()
      #$stable = 0
    }

  }

  @StabilityInferred(parameters = 1)
  object HandleForgotBackupPassphrase : BootstrapActions {
    /* static final field */ val INSTANCE: HandleForgotBackupPassphrase = HandleForgotBackupPassphrase()
    private constructor() /* primary */ {
      super/*BootstrapActions*/()
      { // BLOCK
      }
    }

    /* fake */ override operator fun equals(other: Any?): Boolean

    /* fake */ override fun hashCode(): Int

    /* fake */ override fun toString(): String

    /* static final field */ val $stable: Int = 0
    package /* static */ fun <clinit>() {
      #INSTANCE = HandleForgotBackupPassphrase()
      #$stable = 0
    }

  }

  @StabilityInferred(parameters = 1)
  data class DoMigrateWithPassphrase : BootstrapActions {
    constructor(passphrase: String) /* primary */ {
      super/*BootstrapActions*/()
      { // BLOCK
        <this>.#passphrase = passphrase
      }
    }

    private /* final field */ field passphrase: String = passphrase
    fun <get-passphrase>(): String {
      return <this>.#passphrase
    }

    operator fun component1(): String {
      return <this>.#passphrase
    }

    fun copy(passphrase: String = error("") /* ErrorExpression */): DoMigrateWithPassphrase {
      return DoMigrateWithPassphrase(passphrase = passphrase)
    }

    fun copy$default(/* var */ passphrase: String? = error("") /* ErrorExpression */, $mask0: Int, $handler: Any?): DoMigrateWithPassphrase {
      when {
        EQEQ(arg0 = $mask0.and(other = 1), arg1 = 0).not() -> passphrase = <this>.#passphrase
      }
      return <this>.copy(passphrase = passphrase /*as String */)
    }

    override fun toString(): String {
      return "DoMigrateWithPassphrase(passphrase=" + <this>.#passphrase + ")"
    }

    override fun hashCode(): Int {
      return <this>.#passphrase.hashCode()
    }

    override operator fun equals(other: Any?): Boolean {
      when {
        EQEQEQ(arg0 = <this>, arg1 = other) -> return true
      }
      when {
        other !is DoMigrateWithPassphrase -> return false
      }
      val tmp0_other_with_cast: DoMigrateWithPassphrase = other as DoMigrateWithPassphrase
      when {
        EQEQ(arg0 = <this>.#passphrase, arg1 = tmp0_other_with_cast.#passphrase).not() -> return false
      }
      return true
    }

    /* static final field */ val $stable: Int = 0
    package /* static */ fun <clinit>() {
      #$stable = 0
    }

  }

  @StabilityInferred(parameters = 1)
  data class DoMigrateWithRecoveryKey : BootstrapActions {
    constructor(recoveryKey: String) /* primary */ {
      super/*BootstrapActions*/()
      { // BLOCK
        <this>.#recoveryKey = recoveryKey
      }
    }

    private /* final field */ field recoveryKey: String = recoveryKey
    fun <get-recoveryKey>(): String {
      return <this>.#recoveryKey
    }

    operator fun component1(): String {
      return <this>.#recoveryKey
    }

    fun copy(recoveryKey: String = error("") /* ErrorExpression */): DoMigrateWithRecoveryKey {
      return DoMigrateWithRecoveryKey(recoveryKey = recoveryKey)
    }

    fun copy$default(/* var */ recoveryKey: String? = error("") /* ErrorExpression */, $mask0: Int, $handler: Any?): DoMigrateWithRecoveryKey {
      when {
        EQEQ(arg0 = $mask0.and(other = 1), arg1 = 0).not() -> recoveryKey = <this>.#recoveryKey
      }
      return <this>.copy(recoveryKey = recoveryKey /*as String */)
    }

    override fun toString(): String {
      return "DoMigrateWithRecoveryKey(recoveryKey=" + <this>.#recoveryKey + ")"
    }

    override fun hashCode(): Int {
      return <this>.#recoveryKey.hashCode()
    }

    override operator fun equals(other: Any?): Boolean {
      when {
        EQEQEQ(arg0 = <this>, arg1 = other) -> return true
      }
      when {
        other !is DoMigrateWithRecoveryKey -> return false
      }
      val tmp0_other_with_cast: DoMigrateWithRecoveryKey = other as DoMigrateWithRecoveryKey
      when {
        EQEQ(arg0 = <this>.#recoveryKey, arg1 = tmp0_other_with_cast.#recoveryKey).not() -> return false
      }
      return true
    }

    /* static final field */ val $stable: Int = 0
    package /* static */ fun <clinit>() {
      #$stable = 0
    }

  }

  @StabilityInferred(parameters = 1)
  object SsoAuthDone : BootstrapActions {
    /* static final field */ val INSTANCE: SsoAuthDone = SsoAuthDone()
    private constructor() /* primary */ {
      super/*BootstrapActions*/()
      { // BLOCK
      }
    }

    /* fake */ override operator fun equals(other: Any?): Boolean

    /* fake */ override fun hashCode(): Int

    /* fake */ override fun toString(): String

    /* static final field */ val $stable: Int = 0
    package /* static */ fun <clinit>() {
      #INSTANCE = SsoAuthDone()
      #$stable = 0
    }

  }

  @StabilityInferred(parameters = 1)
  data class PasswordAuthDone : BootstrapActions {
    constructor(password: String) /* primary */ {
      super/*BootstrapActions*/()
      { // BLOCK
        <this>.#password = password
      }
    }

    private /* final field */ field password: String = password
    fun <get-password>(): String {
      return <this>.#password
    }

    operator fun component1(): String {
      return <this>.#password
    }

    fun copy(password: String = error("") /* ErrorExpression */): PasswordAuthDone {
      return PasswordAuthDone(password = password)
    }

    fun copy$default(/* var */ password: String? = error("") /* ErrorExpression */, $mask0: Int, $handler: Any?): PasswordAuthDone {
      when {
        EQEQ(arg0 = $mask0.and(other = 1), arg1 = 0).not() -> password = <this>.#password
      }
      return <this>.copy(password = password /*as String */)
    }

    override fun toString(): String {
      return "PasswordAuthDone(password=" + <this>.#password + ")"
    }

    override fun hashCode(): Int {
      return <this>.#password.hashCode()
    }

    override operator fun equals(other: Any?): Boolean {
      when {
        EQEQEQ(arg0 = <this>, arg1 = other) -> return true
      }
      when {
        other !is PasswordAuthDone -> return false
      }
      val tmp0_other_with_cast: PasswordAuthDone = other as PasswordAuthDone
      when {
        EQEQ(arg0 = <this>.#password, arg1 = tmp0_other_with_cast.#password).not() -> return false
      }
      return true
    }

    /* static final field */ val $stable: Int = 0
    package /* static */ fun <clinit>() {
      #$stable = 0
    }

  }

  @StabilityInferred(parameters = 1)
  object ReAuthCancelled : BootstrapActions {
    /* static final field */ val INSTANCE: ReAuthCancelled = ReAuthCancelled()
    private constructor() /* primary */ {
      super/*BootstrapActions*/()
      { // BLOCK
      }
    }

    /* fake */ override operator fun equals(other: Any?): Boolean

    /* fake */ override fun hashCode(): Int

    /* fake */ override fun toString(): String

    /* static final field */ val $stable: Int = 0
    package /* static */ fun <clinit>() {
      #INSTANCE = ReAuthCancelled()
      #$stable = 0
    }

  }

  /* fake */ override operator fun equals(other: Any?): Boolean

  /* fake */ override fun hashCode(): Int

  /* fake */ override fun toString(): String

  /* static final field */ val $stable: Int = 0
  package /* static */ fun <clinit>() {
    #$stable = 0
  }

}

`
Details: Internal error in declaration transformer: java.lang.OutOfMemoryError: GC overhead limit exceeded
	at java.base/java.util.ArrayList.iterator(ArrayList.java:1029)
	at org.jetbrains.kotlin.ir.declarations.IrFunction.acceptChildren(IrFunction.kt:315)
	at org.jetbrains.kotlin.ir.visitors.IrVisitorsKt.acceptChildrenVoid(IrVisitors.kt:19)
	at org.jetbrains.kotlin.backend.common.DeclarationTransformer$Visitor.visitFunction(Lower.kt:248)
	at org.jetbrains.kotlin.ir.visitors.IrElementVisitorVoid$DefaultImpls.visitConstructor(IrElementVisitorVoid.kt:91)
	at org.jetbrains.kotlin.backend.common.DeclarationTransformer$Visitor.visitConstructor(Lower.kt:242)
	at org.jetbrains.kotlin.ir.visitors.IrElementVisitorVoid$DefaultImpls.visitConstructor(IrElementVisitorVoid.kt:87)
	at org.jetbrains.kotlin.backend.common.DeclarationTransformer$Visitor.visitConstructor(Lower.kt:242)
	at org.jetbrains.kotlin.backend.common.DeclarationTransformer$Visitor.visitConstructor(Lower.kt:242)
	at org.jetbrains.kotlin.ir.declarations.IrConstructor.accept(IrConstructor.kt:28)
	at org.jetbrains.kotlin.backend.common.DeclarationTransformer$Visitor.visitClass(Lower.kt:293)
	at org.jetbrains.kotlin.ir.visitors.IrElementVisitorVoid$DefaultImpls.visitClass(IrElementVisitorVoid.kt:55)
	at org.jetbrains.kotlin.backend.common.DeclarationTransformer$Visitor.visitClass(Lower.kt:242)
	at org.jetbrains.kotlin.backend.common.DeclarationTransformer$Visitor.visitClass(Lower.kt:242)
	at org.jetbrains.kotlin.ir.declarations.IrClass.accept(IrClass.kt:72)
	at org.jetbrains.kotlin.backend.common.DeclarationTransformer$Visitor.visitClass(Lower.kt:293)
	at org.jetbrains.kotlin.ir.visitors.IrElementVisitorVoid$DefaultImpls.visitClass(IrElementVisitorVoid.kt:55)
	at org.jetbrains.kotlin.backend.common.DeclarationTransformer$Visitor.visitClass(Lower.kt:242)
	at org.jetbrains.kotlin.backend.common.DeclarationTransformer$Visitor.visitClass(Lower.kt:242)
	at org.jetbrains.kotlin.ir.declarations.IrClass.accept(IrClass.kt:72)
	at org.jetbrains.kotlin.ir.visitors.IrVisitorsKt.acceptVoid(IrVisitors.kt:14)
	at org.jetbrains.kotlin.backend.common.DeclarationTransformer.lower(Lower.kt:221)
	at org.jetbrains.kotlin.backend.common.phaser.PhaseFactoriesKt.createFilePhase$lambda$4(PhaseFactories.kt:88)
	at org.jetbrains.kotlin.backend.common.phaser.PhaseFactoriesKt$$Lambda/0x0000731ad48b2630.invoke(Unknown Source)
	at org.jetbrains.kotlin.backend.common.phaser.PhaseBuildersKt$createSimpleNamedCompilerPhase$1.phaseBody(PhaseBuilders.kt:68)
	at org.jetbrains.kotlin.config.phaser.SimpleNamedCompilerPhase.phaseBody(CompilerPhase.kt:215)
	at org.jetbrains.kotlin.config.phaser.NamedCompilerPhase.invoke(CompilerPhase.kt:111)
	at org.jetbrains.kotlin.backend.common.phaser.PerformByIrFilePhase.invokeSequential(performByIrFile.kt:51)
	at org.jetbrains.kotlin.backend.common.phaser.PerformByIrFilePhase.invoke(performByIrFile.kt:41)
	at org.jetbrains.kotlin.backend.common.phaser.PerformByIrFilePhase.invoke(performByIrFile.kt:27)
	at org.jetbrains.kotlin.config.phaser.SameTypeNamedCompilerPhase.phaseBody(CompilerPhase.kt:160)
	at org.jetbrains.kotlin.config.phaser.NamedCompilerPhase.invoke(CompilerPhase.kt:111)
Caused by: java.lang.OutOfMemoryError: GC overhead limit exceeded
	... 32 more


